
========================================================================
  ShadowStrike CryptoUtils Test Runner
========================================================================


========================================================================
  ShadowStrike  Test Suite
========================================================================

Note: Google Test filter = QuarantineDBTest.SearchByFileNameFindsMatches
[==========] Running 1 test from 1 test suite.
Running 3798 tests from 1 test suites

[----------] Global test environment set-up.
------------------------------------------------------------------------
Test Suite: QuarantineDBTest
------------------------------------------------------------------------
[ RUN      ] QuarantineDBTest.SearchByFileNameFindsMatches
  [ RUN      ] QuarantineDBTest.SearchByFileNameFindsMatches
C:\ShadowStrike\ShadowStrike\tests\unit\database_systems\Quarantine_db_tests.cpp(444): error: Expected equality of these values:
  results.size()
    Which is: 0
  2

    C:\ShadowStrike\ShadowStrike\tests\unit\database_systems\Quarantine_db_tests.cpp:444
    Expected equality of these values:
  results.size()
    Which is: 0
  2

[  FAILED  ] QuarantineDBTest.SearchByFileNameFindsMatches (281 ms)
  [  FAILED  ] QuarantineDBTest.SearchByFileNameFindsMatches (281171 ?s)

Test Suite Complete: QuarantineDBTest (281 ms)
  Tests: 41 | Passed: 0 | Failed: 1

[----------] Global test environment tear-down
[==========] 1 test from 1 test suite ran. (281 ms total)
[  PASSED  ] 0 tests.
[  FAILED  ] 1 test, listed below:
[  FAILED  ] QuarantineDBTest.SearchByFileNameFindsMatches

 1 FAILED TEST
========================================================================
  TEST SUMMARY
========================================================================
  Total Tests:   1
  Passed:          0 (0.0%)
  Failed:          1 (100.0%)
========================================================================

? TESTS FAILED

